Resolving dependencies...
Downloading packages...
  _fe_analyzer_shared 67.0.0 (92.0.0 available)
  analyzer 6.4.1 (9.0.0 available)
  analyzer_plugin 0.11.3 (0.13.11 available)
  build 2.4.1 (4.0.3 available)
  build_config 1.1.2 (1.2.0 available)
  build_resolvers 2.4.2 (3.0.4 available)
  build_runner 2.4.13 (2.10.4 available)
  build_runner_core 7.3.2 (9.3.2 available)
  characters 1.4.0 (1.4.1 available)
  custom_lint_core 0.6.3 (0.8.2 available)
  dart_style 2.3.6 (3.1.3 available)
  flutter_lints 2.0.3 (6.0.0 available)
  flutter_riverpod 2.6.1 (3.1.0 available)
  freezed_annotation 2.4.4 (3.1.0 available)
  go_router 13.2.5 (17.0.1 available)
  lints 2.1.1 (6.0.0 available)
  matcher 0.12.17 (0.12.18 available)
  material_color_utilities 0.11.1 (0.13.0 available)
  riverpod 2.6.1 (3.1.0 available)
  riverpod_analyzer_utils 0.5.1 (0.5.10 available)
  riverpod_annotation 2.6.1 (4.0.0 available)
  riverpod_generator 2.4.0 (4.0.0+1 available)
  shelf_web_socket 2.0.1 (3.0.0 available)
  source_gen 1.5.0 (4.1.1 available)
  source_helper 1.3.5 (1.3.9 available)
  test_api 0.7.7 (0.7.8 available)
Got dependencies!
26 packages have newer versions incompatible with dependency constraints.
Try `flutter pub outdated` for more information.
00:00 +0: loading D:/UnHuman/Apps/sketch/test/widget_test.dart
00:00 +0: App launches successfully smoke test
Pending timers:
Timer (duration: 0:00:00.000000, periodic: false), created:
#0      new FakeTimer._ (package:fake_async/fake_async.dart:342:62)
#1      FakeAsync._createTimer (package:fake_async/fake_async.dart:260:29)
#2      FakeAsync.run.<anonymous closure> (package:fake_async/fake_async.dart:185:15)
#6      _AnimateState._restart (package:flutter_animate/src/animate.dart:318:23)
#7      _AnimateState.initState (package:flutter_animate/src/animate.dart:290:5)
#8      StatefulElement._firstBuild (package:flutter/src/widgets/framework.dart:5953:55)
#9      ComponentElement.mount (package:flutter/src/widgets/framework.dart:5796:5)
#10     Element.inflateWidget (package:flutter/src/widgets/framework.dart:4590:20)
#11     MultiChildRenderObjectElement.inflateWidget (package:flutter/src/widgets/framework.dart:7269:36)
#12     MultiChildRenderObjectElement.mount (package:flutter/src/widgets/framework.dart:7285:32)
...     Normal element mounting (28 frames)
#40     Element.inflateWidget (package:flutter/src/widgets/framework.dart:4590:20)
#41     MultiChildRenderObjectElement.inflateWidget (package:flutter/src/widgets/framework.dart:7269:36)
#42     MultiChildRenderObjectElement.mount (package:flutter/src/widgets/framework.dart:7285:32)
...     Normal element mounting (378 frames)
#420    Element.inflateWidget (package:flutter/src/widgets/framework.dart:4590:20)
#421    MultiChildRenderObjectElement.inflateWidget (package:flutter/src/widgets/framework.dart:7269:36)
#422    MultiChildRenderObjectElement.mount (package:flutter/src/widgets/framework.dart:7285:32)
...     Normal element mounting (495 frames)
#917    _UncontrolledProviderScopeElement.mount (package:flutter_riverpod/src/framework.dart:315:11)
...     Normal element mounting (9 frames)
#926    Element.inflateWidget (package:flutter/src/widgets/framework.dart:4590:20)
#927    Element.updateChild (package:flutter/src/widgets/framework.dart:4053:20)
#928    ComponentElement.performRebuild (package:flutter/src/widgets/framework.dart:5844:16)
#929    Element.rebuild (package:flutter/src/widgets/framework.dart:5532:7)
#930    ProxyElement.update (package:flutter/src/widgets/framework.dart:6152:5)
#931    _InheritedNotifierElement.update (package:flutter/src/widgets/inherited_notifier.dart:108:11)
#932    Element.updateChild (package:flutter/src/widgets/framework.dart:4037:15)
#933    ComponentElement.performRebuild (package:flutter/src/widgets/framework.dart:5844:16)
#934    StatefulElement.performRebuild (package:flutter/src/widgets/framework.dart:5985:11)
#935    Element.rebuild (package:flutter/src/widgets/framework.dart:5532:7)
#936    StatefulElement.update (package:flutter/src/widgets/framework.dart:6010:5)
#937    Element.updateChild (package:flutter/src/widgets/framework.dart:4037:15)
#938    ComponentElement.performRebuild (package:flutter/src/widgets/framework.dart:5844:16)
#939    Element.rebuild (package:flutter/src/widgets/framework.dart:5532:7)
#940    ProxyElement.update (package:flutter/src/widgets/framework.dart:6152:5)
#941    _InheritedNotifierElement.update (package:flutter/src/widgets/inherited_notifier.dart:108:11)
#942    Element.updateChild (package:flutter/src/widgets/framework.dart:4037:15)
#943    ComponentElement.performRebuild (package:flutter/src/widgets/framework.dart:5844:16)
#944    StatefulElement.performRebuild (package:flutter/src/widgets/framework.dart:5985:11)
#945    Element.rebuild (package:flutter/src/widgets/framework.dart:5532:7)
#946    StatefulElement.update (package:flutter/src/widgets/framework.dart:6010:5)
#947    Element.updateChild (package:flutter/src/widgets/framework.dart:4037:15)
#948    ComponentElement.performRebuild (package:flutter/src/widgets/framework.dart:5844:16)
#949    StatefulElement.performRebuild (package:flutter/src/widgets/framework.dart:5985:11)
#950    Element.rebuild (package:flutter/src/widgets/framework.dart:5532:7)
#951    StatefulElement.update (package:flutter/src/widgets/framework.dart:6010:5)
#952    Element.updateChild (package:flutter/src/widgets/framework.dart:4037:15)
#953    ComponentElement.performRebuild (package:flutter/src/widgets/framework.dart:5844:16)
#954    Element.rebuild (package:flutter/src/widgets/framework.dart:5532:7)
#955    ProxyElement.update (package:flutter/src/widgets/framework.dart:6152:5)
#956    Element.updateChild (package:flutter/src/widgets/framework.dart:4037:15)
#957    ComponentElement.performRebuild (package:flutter/src/widgets/framework.dart:5844:16)
#958    StatefulElement.performRebuild (package:flutter/src/widgets/framework.dart:5985:11)
#959    Element.rebuild (package:flutter/src/widgets/framework.dart:5532:7)
#960    StatefulElement.update (package:flutter/src/widgets/framework.dart:6010:5)
#961    Element.updateChild (package:flutter/src/widgets/framework.dart:4037:15)
#962    ComponentElement.performRebuild (package:flutter/src/widgets/framework.dart:5844:16)
#963    Element.rebuild (package:flutter/src/widgets/framework.dart:5532:7)
#964    ProxyElement.update (package:flutter/src/widgets/framework.dart:6152:5)
#965    Element.updateChild (package:flutter/src/widgets/framework.dart:4037:15)
#966    ComponentElement.performRebuild (package:flutter/src/widgets/framework.dart:5844:16)
#967    Element.rebuild (package:flutter/src/widgets/framework.dart:5532:7)
#968    ProxyElement.update (package:flutter/src/widgets/framework.dart:6152:5)
#969    Element.updateChild (package:flutter/src/widgets/framework.dart:4037:15)
#970    _RawViewElement._updateChild (package:flutter/src/widgets/view.dart:481:16)
#971    _RawViewElement.update (package:flutter/src/widgets/view.dart:568:5)
#972    Element.updateChild (package:flutter/src/widgets/framework.dart:4037:15)
#973    ComponentElement.performRebuild (package:flutter/src/widgets/framework.dart:5844:16)
#974    Element.rebuild (package:flutter/src/widgets/framework.dart:5532:7)
#975    StatelessElement.update (package:flutter/src/widgets/framework.dart:5898:5)
#976    Element.updateChild (package:flutter/src/widgets/framework.dart:4037:15)
#977    ComponentElement.performRebuild (package:flutter/src/widgets/framework.dart:5844:16)
#978    StatefulElement.performRebuild (package:flutter/src/widgets/framework.dart:5985:11)
#979    Element.rebuild (package:flutter/src/widgets/framework.dart:5532:7)
#980    StatefulElement.update (package:flutter/src/widgets/framework.dart:6010:5)
#981    Element.updateChild (package:flutter/src/widgets/framework.dart:4037:15)
#982    RootElement._rebuild (package:flutter/src/widgets/binding.dart:1782:16)
#983    RootElement.update (package:flutter/src/widgets/binding.dart:1760:5)
#984    RootElement.performRebuild (package:flutter/src/widgets/binding.dart:1774:7)
#985    Element.rebuild (package:flutter/src/widgets/framework.dart:5532:7)
#986    BuildScope._tryRebuild (package:flutter/src/widgets/framework.dart:2750:15)
#987    BuildScope._flushDirtyElements (package:flutter/src/widgets/framework.dart:2807:11)
#988    BuildOwner.buildScope (package:flutter/src/widgets/framework.dart:3111:18)
#989    AutomatedTestWidgetsFlutterBinding.drawFrame (package:flutter_test/src/binding.dart:1506:19)
#990    RendererBinding._handlePersistentFrameCallback (package:flutter/src/rendering/binding.dart:495:5)
#991    SchedulerBinding._invokeFrameCallback (package:flutter/src/scheduler/binding.dart:1434:15)
#992    SchedulerBinding.handleDrawFrame (package:flutter/src/scheduler/binding.dart:1347:9)
#993    AutomatedTestWidgetsFlutterBinding.pump.<anonymous closure> (package:flutter_test/src/binding.dart:1335:9)
#996    TestAsyncUtils.guard (package:flutter_test/src/test_async_utils.dart:74:41)
#997    AutomatedTestWidgetsFlutterBinding.pump (package:flutter_test/src/binding.dart:1324:27)
#998    WidgetTester.pumpWidget.<anonymous closure> (package:flutter_test/src/widget_tester.dart:598:22)
#1001   TestAsyncUtils.guard (package:flutter_test/src/test_async_utils.dart:74:41)
#1002   WidgetTester.pumpWidget (package:flutter_test/src/widget_tester.dart:595:27)
#1003   main.<anonymous closure> (file:///D:/UnHuman/Apps/sketch/test/widget_test.dart:17:18)
#1004   testWidgets.<anonymous closure>.<anonymous closure> (package:flutter_test/src/widget_tester.dart:192:29)
<asynchronous suspension>
#1005   TestWidgetsFlutterBinding._runTestBody (package:flutter_test/src/binding.dart:1059:5)
<asynchronous suspension>
<asynchronous suspension>
(elided 8 frames from dart:async and package:stack_trace)

Timer (duration: 0:00:00.000000, periodic: false), created:
#0      new FakeTimer._ (package:fake_async/fake_async.dart:342:62)
#1      FakeAsync._createTimer (package:fake_async/fake_async.dart:260:29)
#2      FakeAsync.run.<anonymous closure> (package:fake_async/fake_async.dart:185:15)
#6      _AnimateState._restart (package:flutter_animate/src/animate.dart:318:23)
#7      _AnimateState.initState (package:flutter_animate/src/animate.dart:290:5)
#8      StatefulElement._firstBuild (package:flutter/src/widgets/framework.dart:5953:55)
#9      ComponentElement.mount (package:flutter/src/widgets/framework.dart:5796:5)
#10     Element.inflateWidget (package:flutter/src/widgets/framework.dart:4590:20)
#11     MultiChildRenderObjectElement.inflateWidget (package:flutter/src/widgets/framework.dart:7269:36)
#12     MultiChildRenderObjectElement.mount (package:flutter/src/widgets/framework.dart:7285:32)
...     Normal element mounting (28 frames)
#40     Element.inflateWidget (package:flutter/src/widgets/framework.dart:4590:20)
#41     MultiChildRenderObjectElement.inflateWidget (package:flutter/src/widgets/framework.dart:7269:36)
#42     MultiChildRenderObjectElement.mount (package:flutter/src/widgets/framework.dart:7285:32)
...     Normal element mounting (378 frames)
#420    Element.inflateWidget (package:flutter/src/widgets/framework.dart:4590:20)
#421    MultiChildRenderObjectElement.inflateWidget (package:flutter/src/widgets/framework.dart:7269:36)
#422    MultiChildRenderObjectElement.mount (package:flutter/src/widgets/framework.dart:7285:32)
...     Normal element mounting (495 frames)
#917    _UncontrolledProviderScopeElement.mount (package:flutter_riverpod/src/framework.dart:315:11)
...     Normal element mounting (9 frames)
#926    Element.inflateWidget (package:flutter/src/widgets/framework.dart:4590:20)
#927    Element.updateChild (package:flutter/src/widgets/framework.dart:4053:20)
#928    ComponentElement.performRebuild (package:flutter/src/widgets/framework.dart:5844:16)
#929    Element.rebuild (package:flutter/src/widgets/framework.dart:5532:7)
#930    ProxyElement.update (package:flutter/src/widgets/framework.dart:6152:5)
#931    _InheritedNotifierElement.update (package:flutter/src/widgets/inherited_notifier.dart:108:11)
#932    Element.updateChild (package:flutter/src/widgets/framework.dart:4037:15)
#933    ComponentElement.performRebuild (package:flutter/src/widgets/framework.dart:5844:16)
#934    StatefulElement.performRebuild (package:flutter/src/widgets/framework.dart:5985:11)
#935    Element.rebuild (package:flutter/src/widgets/framework.dart:5532:7)
#936    StatefulElement.update (package:flutter/src/widgets/framework.dart:6010:5)
#937    Element.updateChild (package:flutter/src/widgets/framework.dart:4037:15)
#938    ComponentElement.performRebuild (package:flutter/src/widgets/framework.dart:5844:16)
#939    Element.rebuild (package:flutter/src/widgets/framework.dart:5532:7)
#940    ProxyElement.update (package:flutter/src/widgets/framework.dart:6152:5)
#941    _InheritedNotifierElement.update (package:flutter/src/widgets/inherited_notifier.dart:108:11)
#942    Element.updateChild (package:flutter/src/widgets/framework.dart:4037:15)
#943    ComponentElement.performRebuild (package:flutter/src/widgets/framework.dart:5844:16)
#944    StatefulElement.performRebuild (package:flutter/src/widgets/framework.dart:5985:11)
#945    Element.rebuild (package:flutter/src/widgets/framework.dart:5532:7)
#946    StatefulElement.update (package:flutter/src/widgets/framework.dart:6010:5)
#947    Element.updateChild (package:flutter/src/widgets/framework.dart:4037:15)
#948    ComponentElement.performRebuild (package:flutter/src/widgets/framework.dart:5844:16)
#949    StatefulElement.performRebuild (package:flutter/src/widgets/framework.dart:5985:11)
#950    Element.rebuild (package:flutter/src/widgets/framework.dart:5532:7)
#951    StatefulElement.update (package:flutter/src/widgets/framework.dart:6010:5)
#952    Element.updateChild (package:flutter/src/widgets/framework.dart:4037:15)
#953    ComponentElement.performRebuild (package:flutter/src/widgets/framework.dart:5844:16)
#954    Element.rebuild (package:flutter/src/widgets/framework.dart:5532:7)
#955    ProxyElement.update (package:flutter/src/widgets/framework.dart:6152:5)
#956    Element.updateChild (package:flutter/src/widgets/framework.dart:4037:15)
#957    ComponentElement.performRebuild (package:flutter/src/widgets/framework.dart:5844:16)
#958    StatefulElement.performRebuild (package:flutter/src/widgets/framework.dart:5985:11)
#959    Element.rebuild (package:flutter/src/widgets/framework.dart:5532:7)
#960    StatefulElement.update (package:flutter/src/widgets/framework.dart:6010:5)
#961    Element.updateChild (package:flutter/src/widgets/framework.dart:4037:15)
#962    ComponentElement.performRebuild (package:flutter/src/widgets/framework.dart:5844:16)
#963    Element.rebuild (package:flutter/src/widgets/framework.dart:5532:7)
#964    ProxyElement.update (package:flutter/src/widgets/framework.dart:6152:5)
#965    Element.updateChild (package:flutter/src/widgets/framework.dart:4037:15)
#966    ComponentElement.performRebuild (package:flutter/src/widgets/framework.dart:5844:16)
#967    Element.rebuild (package:flutter/src/widgets/framework.dart:5532:7)
#968    ProxyElement.update (package:flutter/src/widgets/framework.dart:6152:5)
#969    Element.updateChild (package:flutter/src/widgets/framework.dart:4037:15)
#970    _RawViewElement._updateChild (package:flutter/src/widgets/view.dart:481:16)
#971    _RawViewElement.update (package:flutter/src/widgets/view.dart:568:5)
#972    Element.updateChild (package:flutter/src/widgets/framework.dart:4037:15)
#973    ComponentElement.performRebuild (package:flutter/src/widgets/framework.dart:5844:16)
#974    Element.rebuild (package:flutter/src/widgets/framework.dart:5532:7)
#975    StatelessElement.update (package:flutter/src/widgets/framework.dart:5898:5)
#976    Element.updateChild (package:flutter/src/widgets/framework.dart:4037:15)
#977    ComponentElement.performRebuild (package:flutter/src/widgets/framework.dart:5844:16)
#978    StatefulElement.performRebuild (package:flutter/src/widgets/framework.dart:5985:11)
#979    Element.rebuild (package:flutter/src/widgets/framework.dart:5532:7)
#980    StatefulElement.update (package:flutter/src/widgets/framework.dart:6010:5)
#981    Element.updateChild (package:flutter/src/widgets/framework.dart:4037:15)
#982    RootElement._rebuild (package:flutter/src/widgets/binding.dart:1782:16)
#983    RootElement.update (package:flutter/src/widgets/binding.dart:1760:5)
#984    RootElement.performRebuild (package:flutter/src/widgets/binding.dart:1774:7)
#985    Element.rebuild (package:flutter/src/widgets/framework.dart:5532:7)
#986    BuildScope._tryRebuild (package:flutter/src/widgets/framework.dart:2750:15)
#987    BuildScope._flushDirtyElements (package:flutter/src/widgets/framework.dart:2807:11)
#988    BuildOwner.buildScope (package:flutter/src/widgets/framework.dart:3111:18)
#989    AutomatedTestWidgetsFlutterBinding.drawFrame (package:flutter_test/src/binding.dart:1506:19)
#990    RendererBinding._handlePersistentFrameCallback (package:flutter/src/rendering/binding.dart:495:5)
#991    SchedulerBinding._invokeFrameCallback (package:flutter/src/scheduler/binding.dart:1434:15)
#992    SchedulerBinding.handleDrawFrame (package:flutter/src/scheduler/binding.dart:1347:9)
#993    AutomatedTestWidgetsFlutterBinding.pump.<anonymous closure> (package:flutter_test/src/binding.dart:1335:9)
#996    TestAsyncUtils.guard (package:flutter_test/src/test_async_utils.dart:74:41)
#997    AutomatedTestWidgetsFlutterBinding.pump (package:flutter_test/src/binding.dart:1324:27)
#998    WidgetTester.pumpWidget.<anonymous closure> (package:flutter_test/src/widget_tester.dart:598:22)
#1001   TestAsyncUtils.guard (package:flutter_test/src/test_async_utils.dart:74:41)
#1002   WidgetTester.pumpWidget (package:flutter_test/src/widget_tester.dart:595:27)
#1003   main.<anonymous closure> (file:///D:/UnHuman/Apps/sketch/test/widget_test.dart:17:18)
#1004   testWidgets.<anonymous closure>.<anonymous closure> (package:flutter_test/src/widget_tester.dart:192:29)
<asynchronous suspension>
#1005   TestWidgetsFlutterBinding._runTestBody (package:flutter_test/src/binding.dart:1059:5)
<asynchronous suspension>
<asynchronous suspension>
(elided 8 frames from dart:async and package:stack_trace)

ΓòÉΓòÉΓòí EXCEPTION CAUGHT BY FLUTTER TEST FRAMEWORK Γò₧ΓòÉΓòÉΓòÉΓòÉΓòÉΓòÉΓòÉΓòÉΓòÉΓòÉΓòÉΓòÉΓòÉΓòÉΓòÉΓòÉΓòÉΓòÉΓòÉΓòÉΓòÉΓòÉΓòÉΓòÉΓòÉΓòÉΓòÉΓòÉΓòÉΓòÉΓòÉΓòÉΓòÉΓòÉΓòÉΓòÉΓòÉΓòÉΓòÉΓòÉΓòÉΓòÉΓòÉΓòÉΓòÉΓòÉΓòÉΓòÉΓòÉΓòÉΓòÉΓòÉ
The following assertion was thrown running a test:
A Timer is still pending even after the widget tree was disposed.
'package:flutter_test/src/binding.dart':
Failed assertion: line 1617 pos 12: '!timersPending'

When the exception was thrown, this was the stack:
#2      AutomatedTestWidgetsFlutterBinding._verifyInvariants (package:flutter_test/src/binding.dart:1617:12)
#3      TestWidgetsFlutterBinding._runTestBody (package:flutter_test/src/binding.dart:1078:7)
<asynchronous suspension>
<asynchronous suspension>
(elided 3 frames from class _AssertionError and package:stack_trace)

The test description was:
  App launches successfully smoke test
ΓòÉΓòÉΓòÉΓòÉΓòÉΓòÉΓòÉΓòÉΓòÉΓòÉΓòÉΓòÉΓòÉΓòÉΓòÉΓòÉΓòÉΓòÉΓòÉΓòÉΓòÉΓòÉΓòÉΓòÉΓòÉΓòÉΓòÉΓòÉΓòÉΓòÉΓòÉΓòÉΓòÉΓòÉΓòÉΓòÉΓòÉΓòÉΓòÉΓòÉΓòÉΓòÉΓòÉΓòÉΓòÉΓòÉΓòÉΓòÉΓòÉΓòÉΓòÉΓòÉΓòÉΓòÉΓòÉΓòÉΓòÉΓòÉΓòÉΓòÉΓòÉΓòÉΓòÉΓòÉΓòÉΓòÉΓòÉΓòÉΓòÉΓòÉΓòÉΓòÉΓòÉΓòÉΓòÉΓòÉΓòÉΓòÉΓòÉΓòÉΓòÉΓòÉΓòÉΓòÉΓòÉΓòÉΓòÉΓòÉΓòÉΓòÉΓòÉΓòÉΓòÉΓòÉΓòÉΓòÉΓòÉΓòÉΓòÉΓòÉ
00:00 +0 -1: App launches successfully smoke test [E]
  Test failed. See exception logs above.
  The test description was: App launches successfully smoke test
  
00:00 +0 -1: Some tests failed.
